**************************************************
Report         : passing_points

Reference      : r:/WORK/top
Implementation : i:/WORK/top
Version        : V-2023.12-SP5
Date           : Thu Jul 30 14:25:41 2026
**************************************************

190 Passing compare points:

  Ref  DFF        r:/WORK/top/mux_A/u_reg_bank/out_reg[0]
  Impl DFF        i:/WORK/top/mux_A/u_reg_bank/out_reg[0]

  Ref  DFF        r:/WORK/top/mux_A/u_reg_bank/out_reg[1]
  Impl DFF        i:/WORK/top/mux_A/u_reg_bank/out_reg[1]

  Ref  DFF        r:/WORK/top/mux_A/u_reg_bank/out_reg[2]
  Impl DFF        i:/WORK/top/mux_A/u_reg_bank/out_reg[2]

  Ref  DFF        r:/WORK/top/mux_A/u_reg_bank/out_reg[3]
  Impl DFF        i:/WORK/top/mux_A/u_reg_bank/out_reg[3]

  Ref  DFF        r:/WORK/top/mux_A/u_reg_bank/out_reg[4]
  Impl DFF        i:/WORK/top/mux_A/u_reg_bank/out_reg[4]

  Ref  DFF        r:/WORK/top/mux_A/u_reg_bank/out_reg[5]
  Impl DFF        i:/WORK/top/mux_A/u_reg_bank/out_reg[5]

  Ref  DFF        r:/WORK/top/mux_A/u_reg_bank/out_reg[6]
  Impl DFF        i:/WORK/top/mux_A/u_reg_bank/out_reg[6]

  Ref  DFF        r:/WORK/top/mux_A/u_reg_bank/out_reg[7]
  Impl DFF        i:/WORK/top/mux_A/u_reg_bank/out_reg[7]

  Ref  DFF        r:/WORK/top/mux_B/u_reg_bank/out_reg[0]
  Impl DFF        i:/WORK/top/mux_B/u_reg_bank/out_reg[0]

  Ref  DFF        r:/WORK/top/mux_B/u_reg_bank/out_reg[1]
  Impl DFF        i:/WORK/top/mux_B/u_reg_bank/out_reg[1]

  Ref  DFF        r:/WORK/top/mux_B/u_reg_bank/out_reg[2]
  Impl DFF        i:/WORK/top/mux_B/u_reg_bank/out_reg[2]

  Ref  DFF        r:/WORK/top/mux_B/u_reg_bank/out_reg[3]
  Impl DFF        i:/WORK/top/mux_B/u_reg_bank/out_reg[3]

  Ref  DFF        r:/WORK/top/mux_B/u_reg_bank/out_reg[4]
  Impl DFF        i:/WORK/top/mux_B/u_reg_bank/out_reg[4]

  Ref  DFF        r:/WORK/top/mux_B/u_reg_bank/out_reg[5]
  Impl DFF        i:/WORK/top/mux_B/u_reg_bank/out_reg[5]

  Ref  DFF        r:/WORK/top/mux_B/u_reg_bank/out_reg[6]
  Impl DFF        i:/WORK/top/mux_B/u_reg_bank/out_reg[6]

  Ref  DFF        r:/WORK/top/mux_B/u_reg_bank/out_reg[7]
  Impl DFF        i:/WORK/top/mux_B/u_reg_bank/out_reg[7]

  Ref  DFF        r:/WORK/top/mux_out/u_reg_bank/out_reg[0]
  Impl DFF        i:/WORK/top/mux_out/u_reg_bank/out_reg[0]

  Ref  DFF        r:/WORK/top/mux_out/u_reg_bank/out_reg[10]
  Impl DFF        i:/WORK/top/mux_out/u_reg_bank/out_reg[10]

  Ref  DFF        r:/WORK/top/mux_out/u_reg_bank/out_reg[11]
  Impl DFF        i:/WORK/top/mux_out/u_reg_bank/out_reg[11]

  Ref  DFF        r:/WORK/top/mux_out/u_reg_bank/out_reg[12]
  Impl DFF        i:/WORK/top/mux_out/u_reg_bank/out_reg[12]

  Ref  DFF        r:/WORK/top/mux_out/u_reg_bank/out_reg[13]
  Impl DFF        i:/WORK/top/mux_out/u_reg_bank/out_reg[13]

  Ref  DFF        r:/WORK/top/mux_out/u_reg_bank/out_reg[14]
  Impl DFF        i:/WORK/top/mux_out/u_reg_bank/out_reg[14]

  Ref  DFF        r:/WORK/top/mux_out/u_reg_bank/out_reg[15]
  Impl DFF        i:/WORK/top/mux_out/u_reg_bank/out_reg[15]

  Ref  DFF        r:/WORK/top/mux_out/u_reg_bank/out_reg[1]
  Impl DFF        i:/WORK/top/mux_out/u_reg_bank/out_reg[1]

  Ref  DFF        r:/WORK/top/mux_out/u_reg_bank/out_reg[2]
  Impl DFF        i:/WORK/top/mux_out/u_reg_bank/out_reg[2]

  Ref  DFF        r:/WORK/top/mux_out/u_reg_bank/out_reg[3]
  Impl DFF        i:/WORK/top/mux_out/u_reg_bank/out_reg[3]

  Ref  DFF        r:/WORK/top/mux_out/u_reg_bank/out_reg[4]
  Impl DFF        i:/WORK/top/mux_out/u_reg_bank/out_reg[4]

  Ref  DFF        r:/WORK/top/mux_out/u_reg_bank/out_reg[5]
  Impl DFF        i:/WORK/top/mux_out/u_reg_bank/out_reg[5]

  Ref  DFF        r:/WORK/top/mux_out/u_reg_bank/out_reg[6]
  Impl DFF        i:/WORK/top/mux_out/u_reg_bank/out_reg[6]

  Ref  DFF        r:/WORK/top/mux_out/u_reg_bank/out_reg[7]
  Impl DFF        i:/WORK/top/mux_out/u_reg_bank/out_reg[7]

  Ref  DFF        r:/WORK/top/mux_out/u_reg_bank/out_reg[8]
  Impl DFF        i:/WORK/top/mux_out/u_reg_bank/out_reg[8]

  Ref  DFF        r:/WORK/top/mux_out/u_reg_bank/out_reg[9]
  Impl DFF        i:/WORK/top/mux_out/u_reg_bank/out_reg[9]

  Ref  DFF        r:/WORK/top/reg_cmd/out_reg[0]
  Impl DFF        i:/WORK/top/reg_cmd/out_reg[0]

  Ref  DFF        r:/WORK/top/reg_cmd/out_reg[1]
  Impl DFF        i:/WORK/top/reg_cmd/out_reg[1]

  Ref  DFF        r:/WORK/top/reg_cmd/out_reg[2]
  Impl DFF        i:/WORK/top/reg_cmd/out_reg[2]

  Ref  DFF        r:/WORK/top/reg_cmd/out_reg[3]
  Impl DFF        i:/WORK/top/reg_cmd/out_reg[3]

  Ref  DFF        r:/WORK/top/reg_cmd/out_reg[4]
  Impl DFF        i:/WORK/top/reg_cmd/out_reg[4]

  Ref  DFF        r:/WORK/top/reg_cmd/out_reg[5]
  Impl DFF        i:/WORK/top/reg_cmd/out_reg[5]

  Ref  DFF        r:/WORK/top/reg_cmd/out_reg[6]
  Impl DFF        i:/WORK/top/reg_cmd/out_reg[6]

  Ref  DFF        r:/WORK/top/reg_error/out_reg[0]
  Impl DFF        i:/WORK/top/reg_error/out_reg[0]

  Ref  DFF        r:/WORK/top/reg_zero/out_reg[0]
  Impl DFF        i:/WORK/top/reg_zero/out_reg[0]

  Ref  DFF        r:/WORK/top/u_control/current_state_reg[0]
  Impl DFF        i:/WORK/top/u_control/current_state_reg[0]

  Ref  DFF        r:/WORK/top/u_control/current_state_reg[1]
  Impl DFF        i:/WORK/top/u_control/current_state_reg[1]

  Ref  DFF        r:/WORK/top/u_memory/mem_array_reg[0][0]
  Impl DFF        i:/WORK/top/u_memory/mem_array_reg[0][0]

  Ref  DFF        r:/WORK/top/u_memory/mem_array_reg[0][10]
  Impl DFF        i:/WORK/top/u_memory/mem_array_reg[0][10]

  Ref  DFF        r:/WORK/top/u_memory/mem_array_reg[0][11]
  Impl DFF        i:/WORK/top/u_memory/mem_array_reg[0][11]

  Ref  DFF        r:/WORK/top/u_memory/mem_array_reg[0][12]
  Impl DFF        i:/WORK/top/u_memory/mem_array_reg[0][12]

  Ref  DFF        r:/WORK/top/u_memory/mem_array_reg[0][13]
  Impl DFF        i:/WORK/top/u_memory/mem_array_reg[0][13]

  Ref  DFF        r:/WORK/top/u_memory/mem_array_reg[0][14]
  Impl DFF        i:/WORK/top/u_memory/mem_array_reg[0][14]

  Ref  DFF        r:/WORK/top/u_memory/mem_array_reg[0][15]
  Impl DFF        i:/WORK/top/u_memory/mem_array_reg[0][15]

  Ref  DFF        r:/WORK/top/u_memory/mem_array_reg[0][1]
  Impl DFF        i:/WORK/top/u_memory/mem_array_reg[0][1]

  Ref  DFF        r:/WORK/top/u_memory/mem_array_reg[0][2]
  Impl DFF        i:/WORK/top/u_memory/mem_array_reg[0][2]

  Ref  DFF        r:/WORK/top/u_memory/mem_array_reg[0][3]
  Impl DFF        i:/WORK/top/u_memory/mem_array_reg[0][3]

  Ref  DFF        r:/WORK/top/u_memory/mem_array_reg[0][4]
  Impl DFF        i:/WORK/top/u_memory/mem_array_reg[0][4]

  Ref  DFF        r:/WORK/top/u_memory/mem_array_reg[0][5]
  Impl DFF        i:/WORK/top/u_memory/mem_array_reg[0][5]

  Ref  DFF        r:/WORK/top/u_memory/mem_array_reg[0][6]
  Impl DFF        i:/WORK/top/u_memory/mem_array_reg[0][6]

  Ref  DFF        r:/WORK/top/u_memory/mem_array_reg[0][7]
  Impl DFF        i:/WORK/top/u_memory/mem_array_reg[0][7]

  Ref  DFF        r:/WORK/top/u_memory/mem_array_reg[0][8]
  Impl DFF        i:/WORK/top/u_memory/mem_array_reg[0][8]

  Ref  DFF        r:/WORK/top/u_memory/mem_array_reg[0][9]
  Impl DFF        i:/WORK/top/u_memory/mem_array_reg[0][9]

  Ref  DFF        r:/WORK/top/u_memory/mem_array_reg[1][0]
  Impl DFF        i:/WORK/top/u_memory/mem_array_reg[1][0]

  Ref  DFF        r:/WORK/top/u_memory/mem_array_reg[1][10]
  Impl DFF        i:/WORK/top/u_memory/mem_array_reg[1][10]

  Ref  DFF        r:/WORK/top/u_memory/mem_array_reg[1][11]
  Impl DFF        i:/WORK/top/u_memory/mem_array_reg[1][11]

  Ref  DFF        r:/WORK/top/u_memory/mem_array_reg[1][12]
  Impl DFF        i:/WORK/top/u_memory/mem_array_reg[1][12]

  Ref  DFF        r:/WORK/top/u_memory/mem_array_reg[1][13]
  Impl DFF        i:/WORK/top/u_memory/mem_array_reg[1][13]

  Ref  DFF        r:/WORK/top/u_memory/mem_array_reg[1][14]
  Impl DFF        i:/WORK/top/u_memory/mem_array_reg[1][14]

  Ref  DFF        r:/WORK/top/u_memory/mem_array_reg[1][15]
  Impl DFF        i:/WORK/top/u_memory/mem_array_reg[1][15]

  Ref  DFF        r:/WORK/top/u_memory/mem_array_reg[1][1]
  Impl DFF        i:/WORK/top/u_memory/mem_array_reg[1][1]

  Ref  DFF        r:/WORK/top/u_memory/mem_array_reg[1][2]
  Impl DFF        i:/WORK/top/u_memory/mem_array_reg[1][2]

  Ref  DFF        r:/WORK/top/u_memory/mem_array_reg[1][3]
  Impl DFF        i:/WORK/top/u_memory/mem_array_reg[1][3]

  Ref  DFF        r:/WORK/top/u_memory/mem_array_reg[1][4]
  Impl DFF        i:/WORK/top/u_memory/mem_array_reg[1][4]

  Ref  DFF        r:/WORK/top/u_memory/mem_array_reg[1][5]
  Impl DFF        i:/WORK/top/u_memory/mem_array_reg[1][5]

  Ref  DFF        r:/WORK/top/u_memory/mem_array_reg[1][6]
  Impl DFF        i:/WORK/top/u_memory/mem_array_reg[1][6]

  Ref  DFF        r:/WORK/top/u_memory/mem_array_reg[1][7]
  Impl DFF        i:/WORK/top/u_memory/mem_array_reg[1][7]

  Ref  DFF        r:/WORK/top/u_memory/mem_array_reg[1][8]
  Impl DFF        i:/WORK/top/u_memory/mem_array_reg[1][8]

  Ref  DFF        r:/WORK/top/u_memory/mem_array_reg[1][9]
  Impl DFF        i:/WORK/top/u_memory/mem_array_reg[1][9]

  Ref  DFF        r:/WORK/top/u_memory/mem_array_reg[2][0]
  Impl DFF        i:/WORK/top/u_memory/mem_array_reg[2][0]

  Ref  DFF        r:/WORK/top/u_memory/mem_array_reg[2][10]
  Impl DFF        i:/WORK/top/u_memory/mem_array_reg[2][10]

  Ref  DFF        r:/WORK/top/u_memory/mem_array_reg[2][11]
  Impl DFF        i:/WORK/top/u_memory/mem_array_reg[2][11]

  Ref  DFF        r:/WORK/top/u_memory/mem_array_reg[2][12]
  Impl DFF        i:/WORK/top/u_memory/mem_array_reg[2][12]

  Ref  DFF        r:/WORK/top/u_memory/mem_array_reg[2][13]
  Impl DFF        i:/WORK/top/u_memory/mem_array_reg[2][13]

  Ref  DFF        r:/WORK/top/u_memory/mem_array_reg[2][14]
  Impl DFF        i:/WORK/top/u_memory/mem_array_reg[2][14]

  Ref  DFF        r:/WORK/top/u_memory/mem_array_reg[2][15]
  Impl DFF        i:/WORK/top/u_memory/mem_array_reg[2][15]

  Ref  DFF        r:/WORK/top/u_memory/mem_array_reg[2][1]
  Impl DFF        i:/WORK/top/u_memory/mem_array_reg[2][1]

  Ref  DFF        r:/WORK/top/u_memory/mem_array_reg[2][2]
  Impl DFF        i:/WORK/top/u_memory/mem_array_reg[2][2]

  Ref  DFF        r:/WORK/top/u_memory/mem_array_reg[2][3]
  Impl DFF        i:/WORK/top/u_memory/mem_array_reg[2][3]

  Ref  DFF        r:/WORK/top/u_memory/mem_array_reg[2][4]
  Impl DFF        i:/WORK/top/u_memory/mem_array_reg[2][4]

  Ref  DFF        r:/WORK/top/u_memory/mem_array_reg[2][5]
  Impl DFF        i:/WORK/top/u_memory/mem_array_reg[2][5]

  Ref  DFF        r:/WORK/top/u_memory/mem_array_reg[2][6]
  Impl DFF        i:/WORK/top/u_memory/mem_array_reg[2][6]

  Ref  DFF        r:/WORK/top/u_memory/mem_array_reg[2][7]
  Impl DFF        i:/WORK/top/u_memory/mem_array_reg[2][7]

  Ref  DFF        r:/WORK/top/u_memory/mem_array_reg[2][8]
  Impl DFF        i:/WORK/top/u_memory/mem_array_reg[2][8]

  Ref  DFF        r:/WORK/top/u_memory/mem_array_reg[2][9]
  Impl DFF        i:/WORK/top/u_memory/mem_array_reg[2][9]

  Ref  DFF        r:/WORK/top/u_memory/mem_array_reg[3][0]
  Impl DFF        i:/WORK/top/u_memory/mem_array_reg[3][0]

  Ref  DFF        r:/WORK/top/u_memory/mem_array_reg[3][10]
  Impl DFF        i:/WORK/top/u_memory/mem_array_reg[3][10]

  Ref  DFF        r:/WORK/top/u_memory/mem_array_reg[3][11]
  Impl DFF        i:/WORK/top/u_memory/mem_array_reg[3][11]

  Ref  DFF        r:/WORK/top/u_memory/mem_array_reg[3][12]
  Impl DFF        i:/WORK/top/u_memory/mem_array_reg[3][12]

  Ref  DFF        r:/WORK/top/u_memory/mem_array_reg[3][13]
  Impl DFF        i:/WORK/top/u_memory/mem_array_reg[3][13]

  Ref  DFF        r:/WORK/top/u_memory/mem_array_reg[3][14]
  Impl DFF        i:/WORK/top/u_memory/mem_array_reg[3][14]

  Ref  DFF        r:/WORK/top/u_memory/mem_array_reg[3][15]
  Impl DFF        i:/WORK/top/u_memory/mem_array_reg[3][15]

  Ref  DFF        r:/WORK/top/u_memory/mem_array_reg[3][1]
  Impl DFF        i:/WORK/top/u_memory/mem_array_reg[3][1]

  Ref  DFF        r:/WORK/top/u_memory/mem_array_reg[3][2]
  Impl DFF        i:/WORK/top/u_memory/mem_array_reg[3][2]

  Ref  DFF        r:/WORK/top/u_memory/mem_array_reg[3][3]
  Impl DFF        i:/WORK/top/u_memory/mem_array_reg[3][3]

  Ref  DFF        r:/WORK/top/u_memory/mem_array_reg[3][4]
  Impl DFF        i:/WORK/top/u_memory/mem_array_reg[3][4]

  Ref  DFF        r:/WORK/top/u_memory/mem_array_reg[3][5]
  Impl DFF        i:/WORK/top/u_memory/mem_array_reg[3][5]

  Ref  DFF        r:/WORK/top/u_memory/mem_array_reg[3][6]
  Impl DFF        i:/WORK/top/u_memory/mem_array_reg[3][6]

  Ref  DFF        r:/WORK/top/u_memory/mem_array_reg[3][7]
  Impl DFF        i:/WORK/top/u_memory/mem_array_reg[3][7]

  Ref  DFF        r:/WORK/top/u_memory/mem_array_reg[3][8]
  Impl DFF        i:/WORK/top/u_memory/mem_array_reg[3][8]

  Ref  DFF        r:/WORK/top/u_memory/mem_array_reg[3][9]
  Impl DFF        i:/WORK/top/u_memory/mem_array_reg[3][9]

  Ref  DFF        r:/WORK/top/u_memory/mem_array_reg[4][0]
  Impl DFF        i:/WORK/top/u_memory/mem_array_reg[4][0]

  Ref  DFF        r:/WORK/top/u_memory/mem_array_reg[4][10]
  Impl DFF        i:/WORK/top/u_memory/mem_array_reg[4][10]

  Ref  DFF        r:/WORK/top/u_memory/mem_array_reg[4][11]
  Impl DFF        i:/WORK/top/u_memory/mem_array_reg[4][11]

  Ref  DFF        r:/WORK/top/u_memory/mem_array_reg[4][12]
  Impl DFF        i:/WORK/top/u_memory/mem_array_reg[4][12]

  Ref  DFF        r:/WORK/top/u_memory/mem_array_reg[4][13]
  Impl DFF        i:/WORK/top/u_memory/mem_array_reg[4][13]

  Ref  DFF        r:/WORK/top/u_memory/mem_array_reg[4][14]
  Impl DFF        i:/WORK/top/u_memory/mem_array_reg[4][14]

  Ref  DFF        r:/WORK/top/u_memory/mem_array_reg[4][15]
  Impl DFF        i:/WORK/top/u_memory/mem_array_reg[4][15]

  Ref  DFF        r:/WORK/top/u_memory/mem_array_reg[4][1]
  Impl DFF        i:/WORK/top/u_memory/mem_array_reg[4][1]

  Ref  DFF        r:/WORK/top/u_memory/mem_array_reg[4][2]
  Impl DFF        i:/WORK/top/u_memory/mem_array_reg[4][2]

  Ref  DFF        r:/WORK/top/u_memory/mem_array_reg[4][3]
  Impl DFF        i:/WORK/top/u_memory/mem_array_reg[4][3]

  Ref  DFF        r:/WORK/top/u_memory/mem_array_reg[4][4]
  Impl DFF        i:/WORK/top/u_memory/mem_array_reg[4][4]

  Ref  DFF        r:/WORK/top/u_memory/mem_array_reg[4][5]
  Impl DFF        i:/WORK/top/u_memory/mem_array_reg[4][5]

  Ref  DFF        r:/WORK/top/u_memory/mem_array_reg[4][6]
  Impl DFF        i:/WORK/top/u_memory/mem_array_reg[4][6]

  Ref  DFF        r:/WORK/top/u_memory/mem_array_reg[4][7]
  Impl DFF        i:/WORK/top/u_memory/mem_array_reg[4][7]

  Ref  DFF        r:/WORK/top/u_memory/mem_array_reg[4][8]
  Impl DFF        i:/WORK/top/u_memory/mem_array_reg[4][8]

  Ref  DFF        r:/WORK/top/u_memory/mem_array_reg[4][9]
  Impl DFF        i:/WORK/top/u_memory/mem_array_reg[4][9]

  Ref  DFF        r:/WORK/top/u_memory/mem_array_reg[5][0]
  Impl DFF        i:/WORK/top/u_memory/mem_array_reg[5][0]

  Ref  DFF        r:/WORK/top/u_memory/mem_array_reg[5][10]
  Impl DFF        i:/WORK/top/u_memory/mem_array_reg[5][10]

  Ref  DFF        r:/WORK/top/u_memory/mem_array_reg[5][11]
  Impl DFF        i:/WORK/top/u_memory/mem_array_reg[5][11]

  Ref  DFF        r:/WORK/top/u_memory/mem_array_reg[5][12]
  Impl DFF        i:/WORK/top/u_memory/mem_array_reg[5][12]

  Ref  DFF        r:/WORK/top/u_memory/mem_array_reg[5][13]
  Impl DFF        i:/WORK/top/u_memory/mem_array_reg[5][13]

  Ref  DFF        r:/WORK/top/u_memory/mem_array_reg[5][14]
  Impl DFF        i:/WORK/top/u_memory/mem_array_reg[5][14]

  Ref  DFF        r:/WORK/top/u_memory/mem_array_reg[5][15]
  Impl DFF        i:/WORK/top/u_memory/mem_array_reg[5][15]

  Ref  DFF        r:/WORK/top/u_memory/mem_array_reg[5][1]
  Impl DFF        i:/WORK/top/u_memory/mem_array_reg[5][1]

  Ref  DFF        r:/WORK/top/u_memory/mem_array_reg[5][2]
  Impl DFF        i:/WORK/top/u_memory/mem_array_reg[5][2]

  Ref  DFF        r:/WORK/top/u_memory/mem_array_reg[5][3]
  Impl DFF        i:/WORK/top/u_memory/mem_array_reg[5][3]

  Ref  DFF        r:/WORK/top/u_memory/mem_array_reg[5][4]
  Impl DFF        i:/WORK/top/u_memory/mem_array_reg[5][4]

  Ref  DFF        r:/WORK/top/u_memory/mem_array_reg[5][5]
  Impl DFF        i:/WORK/top/u_memory/mem_array_reg[5][5]

  Ref  DFF        r:/WORK/top/u_memory/mem_array_reg[5][6]
  Impl DFF        i:/WORK/top/u_memory/mem_array_reg[5][6]

  Ref  DFF        r:/WORK/top/u_memory/mem_array_reg[5][7]
  Impl DFF        i:/WORK/top/u_memory/mem_array_reg[5][7]

  Ref  DFF        r:/WORK/top/u_memory/mem_array_reg[5][8]
  Impl DFF        i:/WORK/top/u_memory/mem_array_reg[5][8]

  Ref  DFF        r:/WORK/top/u_memory/mem_array_reg[5][9]
  Impl DFF        i:/WORK/top/u_memory/mem_array_reg[5][9]

  Ref  DFF        r:/WORK/top/u_memory/mem_array_reg[6][0]
  Impl DFF        i:/WORK/top/u_memory/mem_array_reg[6][0]

  Ref  DFF        r:/WORK/top/u_memory/mem_array_reg[6][10]
  Impl DFF        i:/WORK/top/u_memory/mem_array_reg[6][10]

  Ref  DFF        r:/WORK/top/u_memory/mem_array_reg[6][11]
  Impl DFF        i:/WORK/top/u_memory/mem_array_reg[6][11]

  Ref  DFF        r:/WORK/top/u_memory/mem_array_reg[6][12]
  Impl DFF        i:/WORK/top/u_memory/mem_array_reg[6][12]

  Ref  DFF        r:/WORK/top/u_memory/mem_array_reg[6][13]
  Impl DFF        i:/WORK/top/u_memory/mem_array_reg[6][13]

  Ref  DFF        r:/WORK/top/u_memory/mem_array_reg[6][14]
  Impl DFF        i:/WORK/top/u_memory/mem_array_reg[6][14]

  Ref  DFF        r:/WORK/top/u_memory/mem_array_reg[6][15]
  Impl DFF        i:/WORK/top/u_memory/mem_array_reg[6][15]

  Ref  DFF        r:/WORK/top/u_memory/mem_array_reg[6][1]
  Impl DFF        i:/WORK/top/u_memory/mem_array_reg[6][1]

  Ref  DFF        r:/WORK/top/u_memory/mem_array_reg[6][2]
  Impl DFF        i:/WORK/top/u_memory/mem_array_reg[6][2]

  Ref  DFF        r:/WORK/top/u_memory/mem_array_reg[6][3]
  Impl DFF        i:/WORK/top/u_memory/mem_array_reg[6][3]

  Ref  DFF        r:/WORK/top/u_memory/mem_array_reg[6][4]
  Impl DFF        i:/WORK/top/u_memory/mem_array_reg[6][4]

  Ref  DFF        r:/WORK/top/u_memory/mem_array_reg[6][5]
  Impl DFF        i:/WORK/top/u_memory/mem_array_reg[6][5]

  Ref  DFF        r:/WORK/top/u_memory/mem_array_reg[6][6]
  Impl DFF        i:/WORK/top/u_memory/mem_array_reg[6][6]

  Ref  DFF        r:/WORK/top/u_memory/mem_array_reg[6][7]
  Impl DFF        i:/WORK/top/u_memory/mem_array_reg[6][7]

  Ref  DFF        r:/WORK/top/u_memory/mem_array_reg[6][8]
  Impl DFF        i:/WORK/top/u_memory/mem_array_reg[6][8]

  Ref  DFF        r:/WORK/top/u_memory/mem_array_reg[6][9]
  Impl DFF        i:/WORK/top/u_memory/mem_array_reg[6][9]

  Ref  DFF        r:/WORK/top/u_memory/mem_array_reg[7][0]
  Impl DFF        i:/WORK/top/u_memory/mem_array_reg[7][0]

  Ref  DFF        r:/WORK/top/u_memory/mem_array_reg[7][10]
  Impl DFF        i:/WORK/top/u_memory/mem_array_reg[7][10]

  Ref  DFF        r:/WORK/top/u_memory/mem_array_reg[7][11]
  Impl DFF        i:/WORK/top/u_memory/mem_array_reg[7][11]

  Ref  DFF        r:/WORK/top/u_memory/mem_array_reg[7][12]
  Impl DFF        i:/WORK/top/u_memory/mem_array_reg[7][12]

  Ref  DFF        r:/WORK/top/u_memory/mem_array_reg[7][13]
  Impl DFF        i:/WORK/top/u_memory/mem_array_reg[7][13]

  Ref  DFF        r:/WORK/top/u_memory/mem_array_reg[7][14]
  Impl DFF        i:/WORK/top/u_memory/mem_array_reg[7][14]

  Ref  DFF        r:/WORK/top/u_memory/mem_array_reg[7][15]
  Impl DFF        i:/WORK/top/u_memory/mem_array_reg[7][15]

  Ref  DFF        r:/WORK/top/u_memory/mem_array_reg[7][1]
  Impl DFF        i:/WORK/top/u_memory/mem_array_reg[7][1]

  Ref  DFF        r:/WORK/top/u_memory/mem_array_reg[7][2]
  Impl DFF        i:/WORK/top/u_memory/mem_array_reg[7][2]

  Ref  DFF        r:/WORK/top/u_memory/mem_array_reg[7][3]
  Impl DFF        i:/WORK/top/u_memory/mem_array_reg[7][3]

  Ref  DFF        r:/WORK/top/u_memory/mem_array_reg[7][4]
  Impl DFF        i:/WORK/top/u_memory/mem_array_reg[7][4]

  Ref  DFF        r:/WORK/top/u_memory/mem_array_reg[7][5]
  Impl DFF        i:/WORK/top/u_memory/mem_array_reg[7][5]

  Ref  DFF        r:/WORK/top/u_memory/mem_array_reg[7][6]
  Impl DFF        i:/WORK/top/u_memory/mem_array_reg[7][6]

  Ref  DFF        r:/WORK/top/u_memory/mem_array_reg[7][7]
  Impl DFF        i:/WORK/top/u_memory/mem_array_reg[7][7]

  Ref  DFF        r:/WORK/top/u_memory/mem_array_reg[7][8]
  Impl DFF        i:/WORK/top/u_memory/mem_array_reg[7][8]

  Ref  DFF        r:/WORK/top/u_memory/mem_array_reg[7][9]
  Impl DFF        i:/WORK/top/u_memory/mem_array_reg[7][9]

  Ref  Port       r:/WORK/top/cpu_rdy
  Impl Port       i:/WORK/top/cpu_rdy

  Ref  Port       r:/WORK/top/dout_high[0]
  Impl Port       i:/WORK/top/dout_high[0]

  Ref  Port       r:/WORK/top/dout_high[1]
  Impl Port       i:/WORK/top/dout_high[1]

  Ref  Port       r:/WORK/top/dout_high[2]
  Impl Port       i:/WORK/top/dout_high[2]

  Ref  Port       r:/WORK/top/dout_high[3]
  Impl Port       i:/WORK/top/dout_high[3]

  Ref  Port       r:/WORK/top/dout_high[4]
  Impl Port       i:/WORK/top/dout_high[4]

  Ref  Port       r:/WORK/top/dout_high[5]
  Impl Port       i:/WORK/top/dout_high[5]

  Ref  Port       r:/WORK/top/dout_high[6]
  Impl Port       i:/WORK/top/dout_high[6]

  Ref  Port       r:/WORK/top/dout_high[7]
  Impl Port       i:/WORK/top/dout_high[7]

  Ref  Port       r:/WORK/top/dout_low[0]
  Impl Port       i:/WORK/top/dout_low[0]

  Ref  Port       r:/WORK/top/dout_low[1]
  Impl Port       i:/WORK/top/dout_low[1]

  Ref  Port       r:/WORK/top/dout_low[2]
  Impl Port       i:/WORK/top/dout_low[2]

  Ref  Port       r:/WORK/top/dout_low[3]
  Impl Port       i:/WORK/top/dout_low[3]

  Ref  Port       r:/WORK/top/dout_low[4]
  Impl Port       i:/WORK/top/dout_low[4]

  Ref  Port       r:/WORK/top/dout_low[5]
  Impl Port       i:/WORK/top/dout_low[5]

  Ref  Port       r:/WORK/top/dout_low[6]
  Impl Port       i:/WORK/top/dout_low[6]

  Ref  Port       r:/WORK/top/dout_low[7]
  Impl Port       i:/WORK/top/dout_low[7]

  Ref  Port       r:/WORK/top/error
  Impl Port       i:/WORK/top/error

  Ref  Port       r:/WORK/top/zero
  Impl Port       i:/WORK/top/zero

 [BBNet: multiply-driven net
  BBPin: black-box pin
  Cut:   cut-point
  DFF:   non-constant DFF register
  DFF0:  constant 0 DFF register
  DFF1:  constant 1 DFF register
  DFFX:  constant X DFF register
  DFF0X: constrained 0X DFF register
  DFF1X: constrained 1X DFF register
  LAT:   non-constant latch register
  LAT0:  constant 0 latch register
  LAT1:  constant 1 latch register
  LATX:  constant X latch register
  LAT0X: constrained 0X latch register
  LAT1X: constrained 1X latch register
  LATCG: clock-gating latch register
  TLA:   transparent latch register
  TLA0X: transparent constrained 0X latch register
  TLA1X: transparent constrained 1X latch register
  Loop:  cycle break point
  Port:  primary (top-level) port
  Und:   undriven signal cut-point
  Unk:   unknown signal cut-point]

1
