 
****************************************
check_design summary:
Version:     V-2023.12-SP5-5
Date:        Thu Jul 30 05:07:28 2026
****************************************

                   Name                                            Total
--------------------------------------------------------------------------------
Inputs/Outputs                                                     10
    Unconnected ports (LINT-28)                                     5
    Feedthrough (LINT-29)                                           4
    Shorted outputs (LINT-31)                                       1

Cells                                                               5
    Hier pins without driver and load (LINT-60)                     5
--------------------------------------------------------------------------------

Warning: In design 'memory_WIDTH8', port 'memoryAddress[7]' is not connected to any nets. (LINT-28)
Warning: In design 'memory_WIDTH8', port 'memoryAddress[6]' is not connected to any nets. (LINT-28)
Warning: In design 'memory_WIDTH8', port 'memoryAddress[5]' is not connected to any nets. (LINT-28)
Warning: In design 'memory_WIDTH8', port 'memoryAddress[4]' is not connected to any nets. (LINT-28)
Warning: In design 'memory_WIDTH8', port 'memoryAddress[3]' is not connected to any nets. (LINT-28)
Warning: In design 'control', input port 'cmd_in[6]' is connected directly to output port 'in_select_a[1]'. (LINT-29)
Warning: In design 'control', input port 'cmd_in[5]' is connected directly to output port 'in_select_a[0]'. (LINT-29)
Warning: In design 'control', input port 'cmd_in[4]' is connected directly to output port 'in_select_b[1]'. (LINT-29)
Warning: In design 'control', input port 'cmd_in[3]' is connected directly to output port 'in_select_b[0]'. (LINT-29)
Warning: In design 'control', output port 'memoryRead' is connected directly to output port 'selmux2'. (LINT-31)
Warning: In design 'top', input pin 'memoryAddress[7]' of hierarchical cell 'u_memory' has no internal loads and is not connected to any nets. (LINT-60)
Warning: In design 'top', input pin 'memoryAddress[6]' of hierarchical cell 'u_memory' has no internal loads and is not connected to any nets. (LINT-60)
Warning: In design 'top', input pin 'memoryAddress[5]' of hierarchical cell 'u_memory' has no internal loads and is not connected to any nets. (LINT-60)
Warning: In design 'top', input pin 'memoryAddress[4]' of hierarchical cell 'u_memory' has no internal loads and is not connected to any nets. (LINT-60)
Warning: In design 'top', input pin 'memoryAddress[3]' of hierarchical cell 'u_memory' has no internal loads and is not connected to any nets. (LINT-60)
1
