Information: Updating design information... (UID-85)
 
****************************************
Report : port
        -verbose
Design : top
Version: V-2023.12-SP5-5
Date   : Thu Jul 30 05:05:59 2026
****************************************


                       Pin      Wire     Max     Max     Connection
Port           Dir     Load     Load     Trans   Cap     Class      Attrs
--------------------------------------------------------------------------------
clk            in      0.0000   0.0000   --      --      --         
cmd_in[0]      in      0.0000   0.0000   --      --      --         
cmd_in[1]      in      0.0000   0.0000   --      --      --         
cmd_in[2]      in      0.0000   0.0000   --      --      --         
cmd_in[3]      in      0.0000   0.0000   --      --      --         
cmd_in[4]      in      0.0000   0.0000   --      --      --         
cmd_in[5]      in      0.0000   0.0000   --      --      --         
cmd_in[6]      in      0.0000   0.0000   --      --      --         
din_1[0]       in      0.0000   0.0000   --      --      --         
din_1[1]       in      0.0000   0.0000   --      --      --         
din_1[2]       in      0.0000   0.0000   --      --      --         
din_1[3]       in      0.0000   0.0000   --      --      --         
din_1[4]       in      0.0000   0.0000   --      --      --         
din_1[5]       in      0.0000   0.0000   --      --      --         
din_1[6]       in      0.0000   0.0000   --      --      --         
din_1[7]       in      0.0000   0.0000   --      --      --         
din_2[0]       in      0.0000   0.0000   --      --      --         
din_2[1]       in      0.0000   0.0000   --      --      --         
din_2[2]       in      0.0000   0.0000   --      --      --         
din_2[3]       in      0.0000   0.0000   --      --      --         
din_2[4]       in      0.0000   0.0000   --      --      --         
din_2[5]       in      0.0000   0.0000   --      --      --         
din_2[6]       in      0.0000   0.0000   --      --      --         
din_2[7]       in      0.0000   0.0000   --      --      --         
din_3[0]       in      0.0000   0.0000   --      --      --         
din_3[1]       in      0.0000   0.0000   --      --      --         
din_3[2]       in      0.0000   0.0000   --      --      --         
din_3[3]       in      0.0000   0.0000   --      --      --         
din_3[4]       in      0.0000   0.0000   --      --      --         
din_3[5]       in      0.0000   0.0000   --      --      --         
din_3[6]       in      0.0000   0.0000   --      --      --         
din_3[7]       in      0.0000   0.0000   --      --      --         
rst            in      0.0000   0.0000   --      --      --         
cpu_rdy        out     0.0400   0.0000   --      --      --         
dout_high[0]   out     0.0400   0.0000   --      --      --         
dout_high[1]   out     0.0400   0.0000   --      --      --         
dout_high[2]   out     0.0400   0.0000   --      --      --         
dout_high[3]   out     0.0400   0.0000   --      --      --         
dout_high[4]   out     0.0400   0.0000   --      --      --         
dout_high[5]   out     0.0400   0.0000   --      --      --         
dout_high[6]   out     0.0400   0.0000   --      --      --         
dout_high[7]   out     0.0400   0.0000   --      --      --         
dout_low[0]    out     0.0400   0.0000   --      --      --         
dout_low[1]    out     0.0400   0.0000   --      --      --         
dout_low[2]    out     0.0400   0.0000   --      --      --         
dout_low[3]    out     0.0400   0.0000   --      --      --         
dout_low[4]    out     0.0400   0.0000   --      --      --         
dout_low[5]    out     0.0400   0.0000   --      --      --         
dout_low[6]    out     0.0400   0.0000   --      --      --         
dout_low[7]    out     0.0400   0.0000   --      --      --         
error          out     0.0400   0.0000   --      --      --         
zero           out     0.0400   0.0000   --      --      --         


              External  Max             Min                Min       Min
              Number    Wireload        Wireload           Pin       Wire
Port          Points    Model           Model              Load      Load
--------------------------------------------------------------------------------
clk                1      --              --              --        -- 
cmd_in[0]          1      --              --              --        -- 
cmd_in[1]          1      --              --              --        -- 
cmd_in[2]          1      --              --              --        -- 
cmd_in[3]          1      --              --              --        -- 
cmd_in[4]          1      --              --              --        -- 
cmd_in[5]          1      --              --              --        -- 
cmd_in[6]          1      --              --              --        -- 
din_1[0]           1      --              --              --        -- 
din_1[1]           1      --              --              --        -- 
din_1[2]           1      --              --              --        -- 
din_1[3]           1      --              --              --        -- 
din_1[4]           1      --              --              --        -- 
din_1[5]           1      --              --              --        -- 
din_1[6]           1      --              --              --        -- 
din_1[7]           1      --              --              --        -- 
din_2[0]           1      --              --              --        -- 
din_2[1]           1      --              --              --        -- 
din_2[2]           1      --              --              --        -- 
din_2[3]           1      --              --              --        -- 
din_2[4]           1      --              --              --        -- 
din_2[5]           1      --              --              --        -- 
din_2[6]           1      --              --              --        -- 
din_2[7]           1      --              --              --        -- 
din_3[0]           1      --              --              --        -- 
din_3[1]           1      --              --              --        -- 
din_3[2]           1      --              --              --        -- 
din_3[3]           1      --              --              --        -- 
din_3[4]           1      --              --              --        -- 
din_3[5]           1      --              --              --        -- 
din_3[6]           1      --              --              --        -- 
din_3[7]           1      --              --              --        -- 
rst                1      --              --              --        -- 
cpu_rdy            1      --              --              --        -- 
dout_high[0]       1      --              --              --        -- 
dout_high[1]       1      --              --              --        -- 
dout_high[2]       1      --              --              --        -- 
dout_high[3]       1      --              --              --        -- 
dout_high[4]       1      --              --              --        -- 
dout_high[5]       1      --              --              --        -- 
dout_high[6]       1      --              --              --        -- 
dout_high[7]       1      --              --              --        -- 
dout_low[0]        1      --              --              --        -- 
dout_low[1]        1      --              --              --        -- 
dout_low[2]        1      --              --              --        -- 
dout_low[3]        1      --              --              --        -- 
dout_low[4]        1      --              --              --        -- 
dout_low[5]        1      --              --              --        -- 
dout_low[6]        1      --              --              --        -- 
dout_low[7]        1      --              --              --        -- 
error              1      --              --              --        -- 
zero               1      --              --              --        -- 

                    Input Delay
                  Min             Max       Related   Max
Input Port    Rise    Fall    Rise    Fall   Clock  Fanout
--------------------------------------------------------------------------------
clk           --      --      --      --      --      -- 
cmd_in[0]     --      --      4.00    4.00  clk       --    
cmd_in[1]     --      --      4.00    4.00  clk       --    
cmd_in[2]     --      --      4.00    4.00  clk       --    
cmd_in[3]     --      --      4.00    4.00  clk       --    
cmd_in[4]     --      --      4.00    4.00  clk       --    
cmd_in[5]     --      --      4.00    4.00  clk       --    
cmd_in[6]     --      --      4.00    4.00  clk       --    
din_1[0]      --      --      4.00    4.00  clk       --    
din_1[1]      --      --      4.00    4.00  clk       --    
din_1[2]      --      --      4.00    4.00  clk       --    
din_1[3]      --      --      4.00    4.00  clk       --    
din_1[4]      --      --      4.00    4.00  clk       --    
din_1[5]      --      --      4.00    4.00  clk       --    
din_1[6]      --      --      4.00    4.00  clk       --    
din_1[7]      --      --      4.00    4.00  clk       --    
din_2[0]      --      --      4.00    4.00  clk       --    
din_2[1]      --      --      4.00    4.00  clk       --    
din_2[2]      --      --      4.00    4.00  clk       --    
din_2[3]      --      --      4.00    4.00  clk       --    
din_2[4]      --      --      4.00    4.00  clk       --    
din_2[5]      --      --      4.00    4.00  clk       --    
din_2[6]      --      --      4.00    4.00  clk       --    
din_2[7]      --      --      4.00    4.00  clk       --    
din_3[0]      --      --      4.00    4.00  clk       --    
din_3[1]      --      --      4.00    4.00  clk       --    
din_3[2]      --      --      4.00    4.00  clk       --    
din_3[3]      --      --      4.00    4.00  clk       --    
din_3[4]      --      --      4.00    4.00  clk       --    
din_3[5]      --      --      4.00    4.00  clk       --    
din_3[6]      --      --      4.00    4.00  clk       --    
din_3[7]      --      --      4.00    4.00  clk       --    
rst           --      --      4.00    4.00  clk       --    


               Max Drive      Min Drive      Resistance    Min    Min       Cell
Input Port    Rise    Fall   Rise    Fall   Max     Min    Cap    Fanout    Deg
--------------------------------------------------------------------------------
clk           --      --     --      --     --      --     --     --        -- 
cmd_in[0]     --      --     --      --     --      --     --     --        -- 
cmd_in[1]     --      --     --      --     --      --     --     --        -- 
cmd_in[2]     --      --     --      --     --      --     --     --        -- 
cmd_in[3]     --      --     --      --     --      --     --     --        -- 
cmd_in[4]     --      --     --      --     --      --     --     --        -- 
cmd_in[5]     --      --     --      --     --      --     --     --        -- 
cmd_in[6]     --      --     --      --     --      --     --     --        -- 
din_1[0]      --      --     --      --     --      --     --     --        -- 
din_1[1]      --      --     --      --     --      --     --     --        -- 
din_1[2]      --      --     --      --     --      --     --     --        -- 
din_1[3]      --      --     --      --     --      --     --     --        -- 
din_1[4]      --      --     --      --     --      --     --     --        -- 
din_1[5]      --      --     --      --     --      --     --     --        -- 
din_1[6]      --      --     --      --     --      --     --     --        -- 
din_1[7]      --      --     --      --     --      --     --     --        -- 
din_2[0]      --      --     --      --     --      --     --     --        -- 
din_2[1]      --      --     --      --     --      --     --     --        -- 
din_2[2]      --      --     --      --     --      --     --     --        -- 
din_2[3]      --      --     --      --     --      --     --     --        -- 
din_2[4]      --      --     --      --     --      --     --     --        -- 
din_2[5]      --      --     --      --     --      --     --     --        -- 
din_2[6]      --      --     --      --     --      --     --     --        -- 
din_2[7]      --      --     --      --     --      --     --     --        -- 
din_3[0]      --      --     --      --     --      --     --     --        -- 
din_3[1]      --      --     --      --     --      --     --     --        -- 
din_3[2]      --      --     --      --     --      --     --     --        -- 
din_3[3]      --      --     --      --     --      --     --     --        -- 
din_3[4]      --      --     --      --     --      --     --     --        -- 
din_3[5]      --      --     --      --     --      --     --     --        -- 
din_3[6]      --      --     --      --     --      --     --     --        -- 
din_3[7]      --      --     --      --     --      --     --     --        -- 
rst           --      --     --      --     --      --     --     --        -- 


               Max Tran        Min Tran
Input Port    Rise    Fall    Rise    Fall
--------------------------------------------------------------------------------
clk           --      --      --      -- 
cmd_in[0]     1.00    1.00    0.10    0.10
cmd_in[1]     1.00    1.00    0.10    0.10
cmd_in[2]     1.00    1.00    0.10    0.10
cmd_in[3]     1.00    1.00    0.10    0.10
cmd_in[4]     1.00    1.00    0.10    0.10
cmd_in[5]     1.00    1.00    0.10    0.10
cmd_in[6]     1.00    1.00    0.10    0.10
din_1[0]      1.00    1.00    0.10    0.10
din_1[1]      1.00    1.00    0.10    0.10
din_1[2]      1.00    1.00    0.10    0.10
din_1[3]      1.00    1.00    0.10    0.10
din_1[4]      1.00    1.00    0.10    0.10
din_1[5]      1.00    1.00    0.10    0.10
din_1[6]      1.00    1.00    0.10    0.10
din_1[7]      1.00    1.00    0.10    0.10
din_2[0]      1.00    1.00    0.10    0.10
din_2[1]      1.00    1.00    0.10    0.10
din_2[2]      1.00    1.00    0.10    0.10
din_2[3]      1.00    1.00    0.10    0.10
din_2[4]      1.00    1.00    0.10    0.10
din_2[5]      1.00    1.00    0.10    0.10
din_2[6]      1.00    1.00    0.10    0.10
din_2[7]      1.00    1.00    0.10    0.10
din_3[0]      1.00    1.00    0.10    0.10
din_3[1]      1.00    1.00    0.10    0.10
din_3[2]      1.00    1.00    0.10    0.10
din_3[3]      1.00    1.00    0.10    0.10
din_3[4]      1.00    1.00    0.10    0.10
din_3[5]      1.00    1.00    0.10    0.10
din_3[6]      1.00    1.00    0.10    0.10
din_3[7]      1.00    1.00    0.10    0.10
rst           1.00    1.00    0.10    0.10


                    Output Delay
                  Min             Max      Related  Fanout
Output Port   Rise    Fall    Rise    Fall  Clock     Load
--------------------------------------------------------------------------------
cpu_rdy       --      --      5.00    5.00  clk       0.00  
dout_high[0]
              --      --      5.00    5.00  clk       0.00  
dout_high[1]
              --      --      5.00    5.00  clk       0.00  
dout_high[2]
              --      --      5.00    5.00  clk       0.00  
dout_high[3]
              --      --      5.00    5.00  clk       0.00  
dout_high[4]
              --      --      5.00    5.00  clk       0.00  
dout_high[5]
              --      --      5.00    5.00  clk       0.00  
dout_high[6]
              --      --      5.00    5.00  clk       0.00  
dout_high[7]
              --      --      5.00    5.00  clk       0.00  
dout_low[0]   --      --      5.00    5.00  clk       0.00  
dout_low[1]   --      --      5.00    5.00  clk       0.00  
dout_low[2]   --      --      5.00    5.00  clk       0.00  
dout_low[3]   --      --      5.00    5.00  clk       0.00  
dout_low[4]   --      --      5.00    5.00  clk       0.00  
dout_low[5]   --      --      5.00    5.00  clk       0.00  
dout_low[6]   --      --      5.00    5.00  clk       0.00  
dout_low[7]   --      --      5.00    5.00  clk       0.00  
error         --      --      5.00    5.00  clk       0.00  
zero          --      --      5.00    5.00  clk       0.00  

1
