 
****************************************
Report : qor
Design : top
Version: V-2023.12-SP5-5
Date   : Thu Jul 30 04:48:47 2026
****************************************


  Timing Path Group 'clk'
  -----------------------------------
  Levels of Logic:              17.00
  Critical Path Length:          8.50
  Critical Path Slack:           0.00
  Critical Path Clk Period:     10.00
  Total Negative Slack:          0.00
  No. of Violating Paths:        0.00
  Worst Hold Violation:          0.00
  Total Hold Violation:          0.00
  No. of Hold Violations:        0.00
  -----------------------------------


  Cell Count
  -----------------------------------
  Hierarchical Cell Count:         15
  Hierarchical Port Count:        483
  Leaf Cell Count:               1458
  Buf/Inv Cell Count:             222
  Buf Cell Count:                  14
  Inv Cell Count:                 208
  CT Buf/Inv Cell Count:            0
  Combinational Cell Count:      1287
  Sequential Cell Count:          171
  Macro Count:                      0
  -----------------------------------


  Area
  -----------------------------------
  Combinational Area:     8101.519845
  Noncombinational Area:  3639.740726
  Buf/Inv Area:            884.598376
  Total Buffer Area:            88.84
  Total Inverter Area:         795.76
  Macro/Black Box Area:      0.000000
  Net Area:                  0.000000
  -----------------------------------
  Cell Area:             11741.260572
  Design Area:           11741.260572


  Design Rules
  -----------------------------------
  Total Number of Nets:          1526
  Nets With Violations:             0
  Max Trans Violations:             0
  Max Cap Violations:               0
  -----------------------------------


  Hostname: syn-sr

  Compile CPU Statistics
  -----------------------------------------
  Resource Sharing:                    0.51
  Logic Optimization:                  7.07
  Mapping Optimization:                2.30
  -----------------------------------------
  Overall Compile Time:               15.76
  Overall Compile Wall Clock Time:    16.41

  --------------------------------------------------------------------

  Design  WNS: 0.00  TNS: 0.00  Number of Violating Paths: 0


  Design (Hold)  WNS: 0.00  TNS: 0.00  Number of Violating Paths: 0

  --------------------------------------------------------------------


1
