 
****************************************
Report : reference
Design : top
Version: V-2023.12-SP5-5
Date   : Thu Jul 30 05:07:28 2026
****************************************

Attributes:
    b - black box (unknown)
   bo - allows boundary optimization
    d - dont_touch
   mo - map_only
    h - hierarchical
    n - noncombinational
    r - removable
    s - synthetic operator
    u - contains unmapped logic

Reference          Library       Unit Area   Count    Total Area   Attributes
-----------------------------------------------------------------------------
ALU_WIDTH8                     4833.385508       1   4833.385508  h
control                         166.409599       1    166.409599  h, n
memory_WIDTH8                  4454.271897       1   4454.271897  h, n
mux2_registered_WIDTH8          798.265596       1    798.265596  h, n
mux4_registered_WIDTH8_0        476.707193       1    476.707193  h, n
mux4_registered_WIDTH8_1        499.228792       1    499.228792  h, n
register_bank_WIDTH1_0           41.289600       1     41.289600  h, n
register_bank_WIDTH1_1           46.294400       1     46.294400  h, n
register_bank_WIDTH7            243.984001       1    243.984001  h, n
sky130_fd_sc_hd__buf_2
                   sky130_fd_sc_hd__ss_100C_1v40
                                  5.004800       1      5.004800  
-----------------------------------------------------------------------------
Total 10 references                                 11564.841385

****************************************
Design: ALU_WIDTH8 
****************************************
Reference          Library       Unit Area   Count    Total Area   Attributes
-----------------------------------------------------------------------------
sky130_fd_sc_hd__a21o_1
                   sky130_fd_sc_hd__ss_100C_1v40
                                  7.507200       7     52.550398  
sky130_fd_sc_hd__a21oi_1
                   sky130_fd_sc_hd__ss_100C_1v40
                                  5.004800      23    115.110396  
sky130_fd_sc_hd__a21oi_2
                   sky130_fd_sc_hd__ss_100C_1v40
                                  8.758400       2     17.516800  
sky130_fd_sc_hd__a22o_1
                   sky130_fd_sc_hd__ss_100C_1v40
                                  8.758400       2     17.516800  
sky130_fd_sc_hd__a22oi_1
                   sky130_fd_sc_hd__ss_100C_1v40
                                  7.507200       4     30.028799  
sky130_fd_sc_hd__a22oi_2
                   sky130_fd_sc_hd__ss_100C_1v40
                                 12.512000       2     25.024000  
sky130_fd_sc_hd__a211oi_1
                   sky130_fd_sc_hd__ss_100C_1v40
                                  7.507200       2     15.014400  
sky130_fd_sc_hd__and2_1
                   sky130_fd_sc_hd__ss_100C_1v40
                                  6.256000       8     50.048000  
sky130_fd_sc_hd__buf_2
                   sky130_fd_sc_hd__ss_100C_1v40
                                  5.004800       3     15.014400  
sky130_fd_sc_hd__buf_4
                   sky130_fd_sc_hd__ss_100C_1v40
                                  7.507200       2     15.014400  
sky130_fd_sc_hd__buf_6
                   sky130_fd_sc_hd__ss_100C_1v40
                                 11.260800       5     56.304002  
sky130_fd_sc_hd__clkbuf_1
                   sky130_fd_sc_hd__ss_100C_1v40
                                  3.753600       7     26.275199  
sky130_fd_sc_hd__clkbuf_2
                   sky130_fd_sc_hd__ss_100C_1v40
                                  5.004800       3     15.014400  
sky130_fd_sc_hd__fa_1
                   sky130_fd_sc_hd__ss_100C_1v40
                                 20.019199       9    180.172794  r
sky130_fd_sc_hd__fa_2
                   sky130_fd_sc_hd__ss_100C_1v40
                                 22.521601       4     90.086403  r
sky130_fd_sc_hd__fah_1
                   sky130_fd_sc_hd__ss_100C_1v40
                                 33.782398      13    439.171177  r
sky130_fd_sc_hd__ha_1
                   sky130_fd_sc_hd__ss_100C_1v40
                                 12.512000       3     37.536000  r
sky130_fd_sc_hd__inv_1
                   sky130_fd_sc_hd__ss_100C_1v40
                                  3.753600     135    506.735984  
sky130_fd_sc_hd__inv_2
                   sky130_fd_sc_hd__ss_100C_1v40
                                  3.753600      14     52.550398  
sky130_fd_sc_hd__inv_4
                   sky130_fd_sc_hd__ss_100C_1v40
                                  6.256000       2     12.512000  
sky130_fd_sc_hd__inv_6
                   sky130_fd_sc_hd__ss_100C_1v40
                                  8.758400       1      8.758400  
sky130_fd_sc_hd__mux2i_1
                   sky130_fd_sc_hd__ss_100C_1v40
                                 10.009600       1     10.009600  
sky130_fd_sc_hd__nand2_1
                   sky130_fd_sc_hd__ss_100C_1v40
                                  3.753600     170    638.111980  
sky130_fd_sc_hd__nand2_2
                   sky130_fd_sc_hd__ss_100C_1v40
                                  6.256000      16    100.096001  
sky130_fd_sc_hd__nand2_4
                   sky130_fd_sc_hd__ss_100C_1v40
                                 11.260800       2     22.521601  
sky130_fd_sc_hd__nand2b_1
                   sky130_fd_sc_hd__ss_100C_1v40
                                  6.256000       5     31.280000  
sky130_fd_sc_hd__nand3_1
                   sky130_fd_sc_hd__ss_100C_1v40
                                  5.004800      27    135.129596  
sky130_fd_sc_hd__nand3_2
                   sky130_fd_sc_hd__ss_100C_1v40
                                 10.009600       4     40.038399  
sky130_fd_sc_hd__nand4_1
                   sky130_fd_sc_hd__ss_100C_1v40
                                  6.256000       7     43.792000  
sky130_fd_sc_hd__nand4_2
                   sky130_fd_sc_hd__ss_100C_1v40
                                 12.512000       1     12.512000  
sky130_fd_sc_hd__nor2_1
                   sky130_fd_sc_hd__ss_100C_1v40
                                  3.753600      78    292.780791  
sky130_fd_sc_hd__nor2_2
                   sky130_fd_sc_hd__ss_100C_1v40
                                  6.256000       4     25.024000  
sky130_fd_sc_hd__nor2_4
                   sky130_fd_sc_hd__ss_100C_1v40
                                 11.260800       1     11.260800  
sky130_fd_sc_hd__nor2b_1
                   sky130_fd_sc_hd__ss_100C_1v40
                                  6.256000       5     31.280000  
sky130_fd_sc_hd__nor3_1
                   sky130_fd_sc_hd__ss_100C_1v40
                                  5.004800       1      5.004800  
sky130_fd_sc_hd__nor4_1
                   sky130_fd_sc_hd__ss_100C_1v40
                                  6.256000       2     12.512000  
sky130_fd_sc_hd__nor4b_1
                   sky130_fd_sc_hd__ss_100C_1v40
                                  8.758400       1      8.758400  
sky130_fd_sc_hd__o21a_1
                   sky130_fd_sc_hd__ss_100C_1v40
                                  7.507200       7     52.550398  
sky130_fd_sc_hd__o21ai_0
                   sky130_fd_sc_hd__ss_100C_1v40
                                  5.004800       9     45.043199  
sky130_fd_sc_hd__o21ai_1
                   sky130_fd_sc_hd__ss_100C_1v40
                                  5.004800      32    160.153595  
sky130_fd_sc_hd__o21ai_2
                   sky130_fd_sc_hd__ss_100C_1v40
                                  8.758400       6     52.550400  
sky130_fd_sc_hd__o22a_1
                   sky130_fd_sc_hd__ss_100C_1v40
                                  8.758400       1      8.758400  
sky130_fd_sc_hd__o22ai_1
                   sky130_fd_sc_hd__ss_100C_1v40
                                  6.256000      39    243.984002  
sky130_fd_sc_hd__o22ai_2
                   sky130_fd_sc_hd__ss_100C_1v40
                                 12.512000       2     25.024000  
sky130_fd_sc_hd__o211ai_1
                   sky130_fd_sc_hd__ss_100C_1v40
                                  7.507200       2     15.014400  
sky130_fd_sc_hd__o211ai_2
                   sky130_fd_sc_hd__ss_100C_1v40
                                 12.512000       3     37.536000  
sky130_fd_sc_hd__or2_0
                   sky130_fd_sc_hd__ss_100C_1v40
                                  6.256000       3     18.768000  
sky130_fd_sc_hd__or2_1
                   sky130_fd_sc_hd__ss_100C_1v40
                                  6.256000       4     25.024000  
sky130_fd_sc_hd__or2_2
                   sky130_fd_sc_hd__ss_100C_1v40
                                  6.256000       1      6.256000  
sky130_fd_sc_hd__or3_1
                   sky130_fd_sc_hd__ss_100C_1v40
                                  6.256000       1      6.256000  
sky130_fd_sc_hd__or4_1
                   sky130_fd_sc_hd__ss_100C_1v40
                                  7.507200       4     30.028799  
sky130_fd_sc_hd__or4_4
                   sky130_fd_sc_hd__ss_100C_1v40
                                 11.260800       3     33.782401  
sky130_fd_sc_hd__xnor2_1
                   sky130_fd_sc_hd__ss_100C_1v40
                                  8.758400      66    578.054398  
sky130_fd_sc_hd__xnor2_2
                   sky130_fd_sc_hd__ss_100C_1v40
                                 16.265600       1     16.265600  
sky130_fd_sc_hd__xnor2_4
                   sky130_fd_sc_hd__ss_100C_1v40
                                 27.526400       2     55.052799  
sky130_fd_sc_hd__xor2_1
                   sky130_fd_sc_hd__ss_100C_1v40
                                  8.758400      23    201.443199  
sky130_fd_sc_hd__xor3_1
                   sky130_fd_sc_hd__ss_100C_1v40
                                 23.772800       1     23.772800  
-----------------------------------------------------------------------------
Total 57 references                                  4833.385508

****************************************
Design: control 
****************************************
Reference          Library       Unit Area   Count    Total Area   Attributes
-----------------------------------------------------------------------------
sky130_fd_sc_hd__a21oi_2
                   sky130_fd_sc_hd__ss_100C_1v40
                                  8.758400       1      8.758400  
sky130_fd_sc_hd__a22oi_1
                   sky130_fd_sc_hd__ss_100C_1v40
                                  7.507200       1      7.507200  
sky130_fd_sc_hd__and2_1
                   sky130_fd_sc_hd__ss_100C_1v40
                                  6.256000       1      6.256000  
sky130_fd_sc_hd__and3_1
                   sky130_fd_sc_hd__ss_100C_1v40
                                  6.256000       2     12.512000  
sky130_fd_sc_hd__dfrtp_1
                   sky130_fd_sc_hd__ss_100C_1v40
                                 25.024000       2     50.048000  n
sky130_fd_sc_hd__inv_1
                   sky130_fd_sc_hd__ss_100C_1v40
                                  3.753600       4     15.014400  
sky130_fd_sc_hd__inv_2
                   sky130_fd_sc_hd__ss_100C_1v40
                                  3.753600       2      7.507200  
sky130_fd_sc_hd__nand2_1
                   sky130_fd_sc_hd__ss_100C_1v40
                                  3.753600       3     11.260800  
sky130_fd_sc_hd__nor2_1
                   sky130_fd_sc_hd__ss_100C_1v40
                                  3.753600       2      7.507200  
sky130_fd_sc_hd__nor2_2
                   sky130_fd_sc_hd__ss_100C_1v40
                                  6.256000       1      6.256000  
sky130_fd_sc_hd__nor3_1
                   sky130_fd_sc_hd__ss_100C_1v40
                                  5.004800       1      5.004800  
sky130_fd_sc_hd__nor3_4
                   sky130_fd_sc_hd__ss_100C_1v40
                                 16.265600       1     16.265600  
sky130_fd_sc_hd__nor3b_1
                   sky130_fd_sc_hd__ss_100C_1v40
                                  7.507200       1      7.507200  
sky130_fd_sc_hd__o21ai_1
                   sky130_fd_sc_hd__ss_100C_1v40
                                  5.004800       1      5.004800  
-----------------------------------------------------------------------------
Total 14 references                                   166.409599

****************************************
Design: memory_WIDTH8 
****************************************
Reference          Library       Unit Area   Count    Total Area   Attributes
-----------------------------------------------------------------------------
sky130_fd_sc_hd__a22oi_1
                   sky130_fd_sc_hd__ss_100C_1v40
                                  7.507200      64    480.460785  
sky130_fd_sc_hd__dfxtp_1
                   sky130_fd_sc_hd__ss_100C_1v40
                                 20.019199     128   2562.457520  n
sky130_fd_sc_hd__inv_1
                   sky130_fd_sc_hd__ss_100C_1v40
                                  3.753600       2      7.507200  
sky130_fd_sc_hd__inv_2
                   sky130_fd_sc_hd__ss_100C_1v40
                                  3.753600      15     56.303998  
sky130_fd_sc_hd__nand2_1
                   sky130_fd_sc_hd__ss_100C_1v40
                                  3.753600       5     18.767999  
sky130_fd_sc_hd__nand2b_1
                   sky130_fd_sc_hd__ss_100C_1v40
                                  6.256000       2     12.512000  
sky130_fd_sc_hd__nand4_1
                   sky130_fd_sc_hd__ss_100C_1v40
                                  6.256000      16    100.096001  
sky130_fd_sc_hd__nor2_1
                   sky130_fd_sc_hd__ss_100C_1v40
                                  3.753600       6     22.521599  
sky130_fd_sc_hd__nor3_1
                   sky130_fd_sc_hd__ss_100C_1v40
                                  5.004800       2     10.009600  
sky130_fd_sc_hd__o2bb2ai_1
                   sky130_fd_sc_hd__ss_100C_1v40
                                  8.758400     128   1121.075195  
sky130_fd_sc_hd__or2_2
                   sky130_fd_sc_hd__ss_100C_1v40
                                  6.256000       3     18.768000  
sky130_fd_sc_hd__or2_4
                   sky130_fd_sc_hd__ss_100C_1v40
                                  8.758400       3     26.275200  
sky130_fd_sc_hd__or3_1
                   sky130_fd_sc_hd__ss_100C_1v40
                                  6.256000       1      6.256000  
sky130_fd_sc_hd__or3_4
                   sky130_fd_sc_hd__ss_100C_1v40
                                 11.260800       1     11.260800  
-----------------------------------------------------------------------------
Total 14 references                                  4454.271897

****************************************
Design: mux2_registered_WIDTH8 
****************************************
Reference          Library       Unit Area   Count    Total Area   Attributes
-----------------------------------------------------------------------------
mux2_WIDTH16                    186.428800       1    186.428800  h
register_bank_WIDTH16           611.836797       1    611.836797  h, n
-----------------------------------------------------------------------------
Total 2 references                                    798.265596

****************************************
Design: mux2_WIDTH16 
****************************************
Reference          Library       Unit Area   Count    Total Area   Attributes
-----------------------------------------------------------------------------
sky130_fd_sc_hd__a22o_1
                   sky130_fd_sc_hd__ss_100C_1v40
                                  8.758400       4     35.033600  
sky130_fd_sc_hd__inv_1
                   sky130_fd_sc_hd__ss_100C_1v40
                                  3.753600       3     11.260800  
sky130_fd_sc_hd__inv_2
                   sky130_fd_sc_hd__ss_100C_1v40
                                  3.753600       1      3.753600  
sky130_fd_sc_hd__mux2_2
                   sky130_fd_sc_hd__ss_100C_1v40
                                 11.260800       6     67.564802  
sky130_fd_sc_hd__mux2i_1
                   sky130_fd_sc_hd__ss_100C_1v40
                                 10.009600       1     10.009600  
sky130_fd_sc_hd__nand2_1
                   sky130_fd_sc_hd__ss_100C_1v40
                                  3.753600      14     52.550398  
sky130_fd_sc_hd__or2_0
                   sky130_fd_sc_hd__ss_100C_1v40
                                  6.256000       1      6.256000  
-----------------------------------------------------------------------------
Total 7 references                                    186.428800

****************************************
Design: register_bank_WIDTH16 
****************************************
Reference          Library       Unit Area   Count    Total Area   Attributes
-----------------------------------------------------------------------------
sky130_fd_sc_hd__a22o_1
                   sky130_fd_sc_hd__ss_100C_1v40
                                  8.758400       2     17.516800  
sky130_fd_sc_hd__buf_4
                   sky130_fd_sc_hd__ss_100C_1v40
                                  7.507200       1      7.507200  
sky130_fd_sc_hd__dfrtp_1
                   sky130_fd_sc_hd__ss_100C_1v40
                                 25.024000      16    400.384003  n
sky130_fd_sc_hd__inv_1
                   sky130_fd_sc_hd__ss_100C_1v40
                                  3.753600      15     56.303998  
sky130_fd_sc_hd__nand2_1
                   sky130_fd_sc_hd__ss_100C_1v40
                                  3.753600      17     63.811198  
sky130_fd_sc_hd__o21ai_1
                   sky130_fd_sc_hd__ss_100C_1v40
                                  5.004800      12     60.057598  
sky130_fd_sc_hd__or2_0
                   sky130_fd_sc_hd__ss_100C_1v40
                                  6.256000       1      6.256000  
-----------------------------------------------------------------------------
Total 7 references                                    611.836797

****************************************
Design: mux4_registered_WIDTH8_0 
****************************************
Reference          Library       Unit Area   Count    Total Area   Attributes
-----------------------------------------------------------------------------
mux4_WIDTH8_0                   172.665595       1    172.665595  h
register_bank_WIDTH8_0          304.041598       1    304.041598  h, n
-----------------------------------------------------------------------------
Total 2 references                                    476.707193

****************************************
Design: mux4_WIDTH8_0 
****************************************
Reference          Library       Unit Area   Count    Total Area   Attributes
-----------------------------------------------------------------------------
sky130_fd_sc_hd__a22oi_1
                   sky130_fd_sc_hd__ss_100C_1v40
                                  7.507200      16    120.115196  
sky130_fd_sc_hd__inv_1
                   sky130_fd_sc_hd__ss_100C_1v40
                                  3.753600       2      7.507200  
sky130_fd_sc_hd__nand2_1
                   sky130_fd_sc_hd__ss_100C_1v40
                                  3.753600       8     30.028799  
sky130_fd_sc_hd__nor2_1
                   sky130_fd_sc_hd__ss_100C_1v40
                                  3.753600       4     15.014400  
-----------------------------------------------------------------------------
Total 4 references                                    172.665595

****************************************
Design: register_bank_WIDTH8_0 
****************************************
Reference          Library       Unit Area   Count    Total Area   Attributes
-----------------------------------------------------------------------------
sky130_fd_sc_hd__dfrtp_1
                   sky130_fd_sc_hd__ss_100C_1v40
                                 25.024000       8    200.192001  n
sky130_fd_sc_hd__inv_1
                   sky130_fd_sc_hd__ss_100C_1v40
                                  3.753600       9     33.782399  
sky130_fd_sc_hd__nand2_1
                   sky130_fd_sc_hd__ss_100C_1v40
                                  3.753600       8     30.028799  
sky130_fd_sc_hd__o21ai_0
                   sky130_fd_sc_hd__ss_100C_1v40
                                  5.004800       8     40.038399  
-----------------------------------------------------------------------------
Total 4 references                                    304.041598

****************************************
Design: mux4_registered_WIDTH8_1 
****************************************
Reference          Library       Unit Area   Count    Total Area   Attributes
-----------------------------------------------------------------------------
mux4_WIDTH8_1                   172.665595       1    172.665595  h
register_bank_WIDTH8_1          316.553597       1    316.553597  h, n
sky130_fd_sc_hd__inv_2
                   sky130_fd_sc_hd__ss_100C_1v40
                                  3.753600       1      3.753600  
sky130_fd_sc_hd__inv_4
                   sky130_fd_sc_hd__ss_100C_1v40
                                  6.256000       1      6.256000  
-----------------------------------------------------------------------------
Total 4 references                                    499.228792

****************************************
Design: mux4_WIDTH8_1 
****************************************
Reference          Library       Unit Area   Count    Total Area   Attributes
-----------------------------------------------------------------------------
sky130_fd_sc_hd__a22oi_1
                   sky130_fd_sc_hd__ss_100C_1v40
                                  7.507200      16    120.115196  
sky130_fd_sc_hd__inv_1
                   sky130_fd_sc_hd__ss_100C_1v40
                                  3.753600       2      7.507200  
sky130_fd_sc_hd__nand2_1
                   sky130_fd_sc_hd__ss_100C_1v40
                                  3.753600       8     30.028799  
sky130_fd_sc_hd__nor2_1
                   sky130_fd_sc_hd__ss_100C_1v40
                                  3.753600       4     15.014400  
-----------------------------------------------------------------------------
Total 4 references                                    172.665595

****************************************
Design: register_bank_WIDTH8_1 
****************************************
Reference          Library       Unit Area   Count    Total Area   Attributes
-----------------------------------------------------------------------------
sky130_fd_sc_hd__dfrtp_1
                   sky130_fd_sc_hd__ss_100C_1v40
                                 25.024000       6    150.144001  n
sky130_fd_sc_hd__dfrtp_2
                   sky130_fd_sc_hd__ss_100C_1v40
                                 26.275200       2     52.550400  n
sky130_fd_sc_hd__inv_1
                   sky130_fd_sc_hd__ss_100C_1v40
                                  3.753600      10     37.535999  
sky130_fd_sc_hd__inv_4
                   sky130_fd_sc_hd__ss_100C_1v40
                                  6.256000       1      6.256000  
sky130_fd_sc_hd__nand2_1
                   sky130_fd_sc_hd__ss_100C_1v40
                                  3.753600       8     30.028799  
sky130_fd_sc_hd__o21ai_0
                   sky130_fd_sc_hd__ss_100C_1v40
                                  5.004800       8     40.038399  
-----------------------------------------------------------------------------
Total 6 references                                    316.553597

****************************************
Design: register_bank_WIDTH1_0 
****************************************
Reference          Library       Unit Area   Count    Total Area   Attributes
-----------------------------------------------------------------------------
sky130_fd_sc_hd__dfrtp_1
                   sky130_fd_sc_hd__ss_100C_1v40
                                 25.024000       1     25.024000  n
sky130_fd_sc_hd__inv_1
                   sky130_fd_sc_hd__ss_100C_1v40
                                  3.753600       2      7.507200  
sky130_fd_sc_hd__nand2_1
                   sky130_fd_sc_hd__ss_100C_1v40
                                  3.753600       1      3.753600  
sky130_fd_sc_hd__o21ai_0
                   sky130_fd_sc_hd__ss_100C_1v40
                                  5.004800       1      5.004800  
-----------------------------------------------------------------------------
Total 4 references                                     41.289600

****************************************
Design: register_bank_WIDTH1_1 
****************************************
Reference          Library       Unit Area   Count    Total Area   Attributes
-----------------------------------------------------------------------------
sky130_fd_sc_hd__dfrtp_1
                   sky130_fd_sc_hd__ss_100C_1v40
                                 25.024000       1     25.024000  n
sky130_fd_sc_hd__inv_1
                   sky130_fd_sc_hd__ss_100C_1v40
                                  3.753600       2      7.507200  
sky130_fd_sc_hd__nand2_1
                   sky130_fd_sc_hd__ss_100C_1v40
                                  3.753600       2      7.507200  
sky130_fd_sc_hd__or2_1
                   sky130_fd_sc_hd__ss_100C_1v40
                                  6.256000       1      6.256000  
-----------------------------------------------------------------------------
Total 4 references                                     46.294400

****************************************
Design: register_bank_WIDTH7 
****************************************
Reference          Library       Unit Area   Count    Total Area   Attributes
-----------------------------------------------------------------------------
sky130_fd_sc_hd__a22o_1
                   sky130_fd_sc_hd__ss_100C_1v40
                                  8.758400       7     61.308800  
sky130_fd_sc_hd__dfrtp_1
                   sky130_fd_sc_hd__ss_100C_1v40
                                 25.024000       7    175.168001  n
sky130_fd_sc_hd__inv_1
                   sky130_fd_sc_hd__ss_100C_1v40
                                  3.753600       2      7.507200  
-----------------------------------------------------------------------------
Total 3 references                                    243.984001
1
